[   0.0000] Liux vsion 4.150--generic (bulddgw1-md-060)gc version 7.3.0 (Uunt7.3.0-1butu3 #2-Ubuu SM T Jul  17:443UTC 208 Ubunu 15.0-30.32-generic 4.15.18)
[    0.000000] Command line: BOOT_IMAGE=/boot/vmliuz4.150-0-geric rotUUID=2e395f-da0267-b4-f1209cc105ro csole=ty1conse=ttyS
[    0.000000] ERELuported pu:
[  000000] Intl nuineIte
[   0.00000]  AMD AuthnticMD
[    0.000000]   Centaur CentaurHauls
[    0.000000] x86/fpu: Supporting XSAVE feature 0x001: 'x87 floating point register'
[   .0000]x8/f: Supptig XSVEeature 0x002: 'SSE registes'
[   000000x8/fpuSupprtngXSAVfeture 0x004: AV regtes'
   0.00000]x86/u:xstate_ffet[2: 76, xsttesizes2]  256
[    0.000000] 86/fpu: Ebled tae features 0x7, context size is 832 bytes, using 'standard' format.
[    0.000000] e820: BIOS-provided physical RAM map:
[    0.000000] BIOS-e820: [mem 0x0000000000000000-0x0000000009bf uable
[   000000BIS-e820: me 0x000000009fc00-0x000000000009ffff] reserved
[    0.000000] BIOS-e820: [mem 0x00000000000f0000-0x00000000000fffff] reserved
[    0.000000] BIOS-e820: [m 0x0000000000000-0x000000003ffeffff] usable
[    0.000000] BIOS-e820: [mem 0x000000003fff0000-0x000000003fffffff] ACPI data
[    0.000000] BI-e82 [mem x000000fe000-0x000000fec00f] reerd
[  00000] IO-e820:me 0x000000fee000-0x00000fee00f] reserd
[  .0000]BIOS-e82: [m 0000000ff000-0x0000000fffff] resrv
[    0.000000] NX (Execcut Dsabl proctonactive
[    00000]MBIO 2 present
[   000000]DMI:inot GbH Vtualx/irtulBox, BIOS Viralox 12/01/2006
[    0.000000] Hypervisor detected: KVM
[    0.000000] e820: last_pfn = 0x3fff0 max_ch_pfn= x400000
  0.00000] MTR: Disale
[  0.00000] x86PA: MTRsdisale, skpig PA iitiazatioto.
   0.0000] CPU MTs all bnk- virtlized stm.
[  0.0000] x6/T: Cnfgurati [0-7] W  WT UC-UC  B WT  UC U  
   000000] found SMP MP-table at [mem 0x0009fff0-0x0009ffff] mapped t [     (prvl)]
[  0.0000]Scanin 1ars for owmemo corpton
[  0.00000]RAIS: [mem 0x359e3000-0x36ce8fff]
[    0.000000] ACPI: Early table checksum verification disabled
[    0.000000] ACPI: RSDP 0x00000000000E0000 000024 (v02 VBOX  )
[    0.000000] ACPI: XSDT 0x000000003FFF0030 00003C (v01 VBO  VBOXSD 0000001 L  000061)
[  0.0000 ACPI:FAP 0x000003F0F000F4 (v04 BO   VBOXFP 0000001ASL  00006
[    000000] AC: DSDT 0x000000FFF070021F(v02VBOX  BOXBS 0000 INT 2010528)[   0.0000ACPI:AC 0x0000003FF000 000040
[    00000] CPI:FAS 000000FF020 0040
[   .00000 ACPI:APC 0x0000003FF040 00005 (v02 VBO  BOXAIC00001 SL  00061)[    00000]AC: SSDT 0x0000000003F020 0001C v01 VOX VBOXUT000002IN 21005)
[   00000] o UMconfguration found
   0.000] Fakina ode t me 00000000000000x0000003fefff
[   .00000 NDEDA(0) llated[mm 0x3f5000x3feffff]
[    0.000000] kvm-clock: cpu 0, msr 0:3ff44001, primary cpu clock
[    0.000000] kvm-clock: Ung mrsb5641 and 456d00
[   0.000] kvm-cck: in sch offsetof76703803cyes
  0.0000] clckourc: vm-cck mask:0xfffffffffffffff max_cycles: 0x1cd2effb,axidle_ns:8815909183 ns[    00000] Zone range
[   000000] DMA     [em 0x00000000010-0x0000000000ffffff]

[    000000] DM32  [mm 00000000000000x000003ffefff]
[    0.0000]   Noal  emty
  0.0000]   evice   mpy
[   00000]Movae onstrt f ech nod
[    00000Ealy mor ne ange

[   .00000  ode 0:[memx00000000100-0000000009eff]
[  .0000]  node   0 [em 000000010000-000000ffefff
[   0.00000] Iitem sup ne  [me0x00000000100-0x000003fefff]
[    0.0000] Resrvedbu unavailable: 98 pge
[    00000] ACPI: PTime IPort: 0x4008
[    0.000000] IOAPIC[0]: apic_id 2, version 32, address 0xfec00000, GSI 0-23
[    0.000000] ACPI: INT_SRC_OVR (bus 0 bus_irq 0 global_irq 2 dfl dfl)
[    0.000000] ACPI: INT_SRC_OVR (bus 0 bus_irq 9 global_irq 9 low level)
[    0.000000] singACI (MADTfor SMPcofiguaton ioration
[    0.000000] smpboot: Allowing 2 CPUs, 0 hotplug CPUs
[    0.000000] PM: Registered nosave memory: [mem 0x00000000-0x00000fff]
[    0.000000] PM: Registered nosave memory: [mem 0x0009f000-0x0009ffff]
[    0.000000] PM: Registered nosave memory: [mem 0x000000-000ffff]
[    0.000000] PM: Registered nosave memory: [mem 0x000f0000-0x000fffff]
[    0.000000] e820: mem 0x40000000-0xfebfffff] available for PCI devices
[    0.000000] Booting paravirtualized kernel on KVM
[    0.000000] clocksource: refined-jiffies: mask: 0xffffffff max_cycles: 0xffffffff, max_idle_ns: 7645519600211568 ns
[    0.000000] random: get_random_bytes called from start_kernel+0x99/0x4fd with crng_init=0
[    0.000000] setup_percpu: NR_CPUS:8192 nr_cpumask_bits:2 nr_cpu_ids:2 nr_node_ids:1
[    0.000000] percpu: Embedded 46 pages/cpu @        (ptrval) s151552 r8192 d28672 u1048576
[    0.000000] PV qspinlock hash table entries: 256 (order: 0, 4096 bytes)
[    0.000000] Built 1 zelists,oblitygrupin o.  Ttal ges: 2913
[  .00000] oliczoe: DMA
[    0.00000 Knel coand ne BOO_IAGE=/bt/vmliuz.15.0-30-genric rot=UID=2ae52f-da-467-b4-ff129c1305 ro console=tty1 console=ttyS0
[    .000000] Memor: 9314K/14820K available (12300K kernel cod, 470K rwdata, 4240K rodat 2408Kni, 2416K ss, 656Krervd,0Kma-rered)[   0.0000] UB: HWlign=64, Order=0-3, Minbjec=0 CPU=2 Nod=1
[  0.00000] Kernel/User pgetables iolation: abed
[  0.000] ftrace: allocating 90 entries in 153 pages
[    0.004000] Hierarchical RCU implementation.
[    0.004000] 	RCU restricting CPUs from NR_CPUS=8192 to nr_cpu_ids=2.
[    0.004000] 	Tasks RCU enabled.
[    0.004000] RCU: Adjusting geometry for rcu_fanoutlef=16, nr_cpu_ids=2
[    0.004000] NR_IRQS: 524544, nr_irqs: 440, preallocated irqs: 16
[    0.004000] Conse: clo VGA+ 80x25
[    0.004000] nsole [ty1 enale
[  000400]conle[tty] nabled
[    0.4000] CP: Coe revision 20108
[  0.04000] ACPI: 2 ACPI AML tables successfully acquired andd ladd
[    0.004000] APIC: Switch to symmetric I/O mode setup
[    0.004293] x2apic enabled
[    0.008006] Switched APIC routing to physical x2apic.
[    0.012928] ..TIMER: vector=0x30 apic1=0 pin1=2 apic2=-1 pin2=-1
[    0.016002] tsc: Detected 2303.998 MHz processor
[    0.017109] Calibrating delay loop (skipped) preset value.. 4607.99 BogoMIPS (lpj=9215992)
[    0.020006] pid_max: default: 32768 minimum: 301
[    0.021154] Security Framework initialized
[    0.022153] Yama: becoming mindful.
[    0.024036] AppArmor: AppArmor initialized
[    0.029475] Dentry cache hash table entries: 131072 (order: 8, 1048576 bytes)
[    0.032064] Inode-cache hash table entries: 65536 (order: 7, 524288 bytes)
[    0.036015] Mount-cache hash table entries: 2048 (order: 2, 16384 bytes)
[    0.040005] Mountpoint-cache hash table entries: 2048 (order: 2, 16384 bytes)
[    0.044236] CPU: Physical Processor ID: 0
[    0.048006] CPU: Processor Core ID: 0
[    0.052022] mce: CPU supports 0 MCE banks
[    0.056020] Last level iTLB entries: 4KB 64, 2MB 8, 4MB 8
[    0.060006] Last level dTLB entries: 4KB 64, 2MB 0, 4MB 0, 1GB 4
[    0.064008] Spectre V2 : Mitigation: Full generic retpoline
[    0.065351] Spectre V2 : Spectre v2 mitigation: Filling RSB on context switch
[    0.068006] Speculative Store Bypass: Vulnerable
[    0.072121] Freeing SMP alternatives memory: 36K
[    0.080000] smpboot: CPU0: Intel(R) Core(TM) i5-7360U CPU @ 2.30GHz (family: 0x6, model: 0x8e, stepping: 0x9)
[    0.080092] Performance Events: unsupported p6 CPU model 142 no PMU driver, software events only.
[    0.082227] Hierarchical SRCU implementation.
[    0.084533] NMI watchdog: Perf event create on CPU 0 failed with -2
[    0.088007] NMI watchdog: Perf NMI watchdog permanently disabled
[    0.092063] smp: Bringing up secondary CPUs ...
[    0.100045] x86: Booting SMP configuration:
[    0.101073] .... node  #0, CPUs:      #1
[    0.004000] kvm-clock: cpu 1, msr 0:3ff44041, secondary cpu clock
[    0.004000] mce: CPU supports 0 MCE banks
[    0.126516] smp: Brought up 1 node, 2 CPUs
[    0.128007] smpboot: Max logical packages: 1
[    0.132007] smpboot: Total of 2 processors activated (9215.99 BogoMIPS)
[    0.140004] devtmpfs: initialized
[    0.144072] x86/mm: Memory block size: 128MB
[    0.148214] evm: security.selinux
[    0.152005] evm: security.SMACK64
[    0.156005] evm: security.SMACK64EXEC
[    0.157220] evm: security.SMACK64TRANSMUTE
[    0.160005] evm: security.SMACK64MMAP
[    0.164005] evm: security.apparmor
[    0.164867] evm: security.ima
[    0.168006] evm: security.capability
[    0.176079] clocksource: jiffies: mask: 0xffffffff max_cycles: 0xffffffff, max_idle_ns: 7645041785100000 ns
[    0.180022] futex hash table entries: 512 (order: 3, 32768 bytes)
[    0.184084] pinctrl core: initialized pinctrl subsystem
[    0.189504] RTC time:  5:02:07, date: 10/04/18
[    0.192226] NET: Registered protocol family 16
[    0.196195] audit: initializing netlink subsys (disabled)
[    0.200072] audit: type=2000 audit(1538629311.796:1): state=initialized audit_enabled=0 res=1
[    0.212014] cpuidle: using governor ladder
[    0.216016] cpuidle: using governor menu
[    0.220056] ACPI: bus type PCI registered
[    0.224006] acpiphp: ACPI Hot Plug PCI Controller Driver version: 0.5
[    0.228166] PCI: Using configuration type 1 for base access
[    0.236906] HugeTLB registered 2.00 MiB page size, pre-allocated 0 pages
[    0.240086] ACPI: Added _OSI(Module Device)
[    0.244009] ACPI: Added _OSI(Processor Device)
[    0.248010] ACPI: Added _OSI(3.0 _SCP Extensions)
[    0.252007] ACPI: Added _OSI(Processor Aggregator Device)
[    0.256009] ACPI: Added _OSI(Linux-Dell-Video)
[    0.264306] ACPI: Executed 1 blocks of module-level executable AML code
[    0.273441] ACPI: Interpreter enabled
[    0.276026] ACPI: (supports S0 S5)
[    0.280006] ACPI: Using IOAPIC for interrupt routing
[    0.284232] PCI: Using host bridge windows from ACPI; if necessary, use "pci=nocrs" and report a bug
[    0.288212] ACPI: Enabled 2 GPEs in block 00 to 07
[    0.301324] ACPI: PCI Root Bridge [PCI0] (domain 0000 [bus 00-ff])
[    0.304022] acpi PNP0A03:00: _OSC: OS supports [ASPM ClockPM Segments MSI]
[    0.308064] acpi PNP0A03:00: _OSC: not requesting OS control; OS requires [ExtendedConfig ASPM ClockPM MSI]
[    0.312027] acpi PNP0A03:00: fail to add MMCONFIG information, can't access extended PCI configuration space under this bridge.
[    0.316684] PCI host bridge to bus 0000:00
[    0.320008] pci_bus 0000:00: root bus resource [io  0x0000-0x0cf7 window]
[    0.324010] pci_bus 0000:00: root bus resource [io  0x0d00-0xffff window]
[    0.325610] pci_bus 0000:00: root bus resource [mem 0x000a0000-0x000bffff window]
[    0.328008] pci_bus 0000:00: root bus resource [mem 0x40000000-0xfdffffff window]
[    0.331012] pci_bus 0000:00: root bus resource [bus 00-ff]
[    0.336462] pci 0000:00:01.1: legacy IDE quirk: reg 0x10: [io  0x01f0-0x01f7]
[    0.340007] pci 0000:00:01.1: legacy IDE quirk: reg 0x14: [io  0x03f6]
[    0.344007] pci 0000:00:01.1: legacy IDE quirk: reg 0x18: [io  0x0170-0x0177]
[    0.348008] pci 0000:00:01.1: legacy IDE quirk: reg 0x1c: [io  0x0376]
[    0.368627] pci 0000:00:07.0: quirk: [io  0x4000-0x403f] claimed by PIIX4 ACPI
[    0.372024] pci 0000:00:07.0: quirk: [io  0x4100-0x410f] claimed by PIIX4 SMB
[    0.386217] ACPI: PCI Interrupt Link [LNKA] (IRQs 5 9 10 *11)
[    0.392081] ACPI: PCI Interrupt Link [LNKB] (IRQs 5 9 *10 11)
[    0.396161] ACPI: PCI Interrupt Link [LNKC] (IRQs 5 *9 10 11)
[    0.400153] ACPI: PCI Interrupt Link [LNKD] (IRQs 5 9 10 *11)
[    0.404384] SCSI subsystem initialized
[    0.408076] pci 0000:00:02.0: vgaarb: setting as boot VGA device
[    0.411261] pci 0000:00:02.0: vgaarb: VGA device added: decodes=io+mem,owns=io+mem,locks=none
[    0.412010] pci 0000:00:02.0: vgaarb: bridge control possible
[    0.416006] vgaarb: loaded
[    0.420049] ACPI: bus type USB registered
[    0.421062] usbcore: registered new interface driver usbfs
[    0.424029] usbcore: registered new interface driver hub
[    0.428199] usbcore: registered new device driver usb
[    0.432091] EDAC MC: Ver: 3.0.0
[    0.436421] PCI: Using ACPI for IRQ routing
[    0.440345] NetLabel: Initializing
[    0.441290] NetLabel:  domain hash size = 128
[    0.444005] NetLabel:  protocols = UNLABELED CIPSOv4 CALIPSO
[    0.448081] NetLabel:  unlabeled traffic allowed by default
[    0.452360] clocksource: Switched to clocksource kvm-clock
[    0.503332] VFS: Disk quotas dquot_6.6.0
[    0.5676]FS: Dotace hash table entries: 512 (order 0, 4096 bytes)
[    0.755079] Apprmr:Appmo Fesysem Enaed
[   1.066150] pnp: PnP ACPI init
[   .180] pnp: PnP ACPI: found 3 dece

[  13302clksrce:acpi_: mak:xfff mx_ycs:0xffffff m_idle_ns: 2087024s
[   1877 NT:egteedrocolfail2
[    2.705933] TCP established hash tleenie 82 orde 46536yt)
[    3147]TCbi hh blenie 82 rd:  1102 yts)
    3.936349]CPHa tables configured (established 8192 bind 8192)
[    4.134112] UDP hash table entries: 512 (order: 2, 16384 bytes)
[    4.135519] UDP-Lite hash table entries: 512 (order: 2, 16384 bytes)
[    4.137069] NET: Registered protocol fail1  4.2474pc00:000: mingirt I/I aners
[   9737] pci 000:.0AcvangSAMAan wkaun
   57643pc000::0.0:id dic wih adweROatme0x0c00x0dff][  66879Unckininitmf..

[    7.368037] Freeing initrd memory: 19480K
[    7.469057] platform rtc_cmos: registered platform RTC device (no PNP device found)
[    7.581985] Scanning for low memory corruption every 60 seconds
[    7.687470] Initialise system trusted keyrings
[    7.765723] Key type blacklist registered
[    7.807471] workingset: timestamp_bits=36 max_order=18 bucket_order=0
[    7.874520] zbud: loaded
[    7.877097] squashfs: version 4.0 (2009/01/31) Phillip Lougher
[    7.950416] fuse init (API version 7.26)
[    7.978717] Key type asymmetric registered
[    7.989207] Asymmetric key parser 'x509' registered
[    7.990404] Block layer SCSI generic (bsg) driver version 0.4 loaded (major 246)
[    7.992314] io scheduler noop registered
[    7.993310] io scheduler deadline registered
[    8.005203] io scheduler cfq registered (default)
[    8.006818] ACPI: AC Adapter [AC] (off-line)
[    8.029224] input: Power Button as /devices/LNXSYSTM:00/LNXPWRBN:00/input/input0
[    8.076865] ACPI: Power Button [PWRF]
[    8.121724] input: Sleep Button as /devices/LNXSYSTM:00/LNXSLPBN:00/input/input1
[    8.123510] ACPI: Sleep Button [SLPF]
[    1447 API: Battery Slot [BAT0 (battery prse)
[    .487 Sri: 8250/55driver, 32 ports, IRQ sharing enabled

[    8.782806] tsc: Refine T clckur calraon23.6 M
[    9.26703]losocets msk0xffffffffma_cle: 2148e353 m_ie_: 072847s[   10.385144] 00:02: ttyS0 at I/O 0x3f8 (irq = 4, base_baud = 115200) is a 16550A
[   10.525656] Linux agpgart interface v0.103
[   10.577278] loop: module loaded
[   10.583059] scsi host0: ata_piix
[   10.584041] scsi host1: ata_piix
[   10.584893] ata1: PATA max UDMA/33 cmd 0x1f0 ctl 0x3f6 bmdma 0xd000 irq 14
[   10.589058] ata2: PATA max UDMA/33 cmd 0x170 ctl 0x376 bmdma 0xd008 irq 15
[   10.632653] libphy: Fixed MDIO Bus: probed
[   10.659761] tun: Universal TUN/TAP device driver, 1.6
[   10.674746] PPP generic driver version 2.4.2
[   10.714983] ehci_hcd: USB 2.0 'Enhanced' Host Controller (EHCI) Driver
[   10.799975] ehci-pci: EHCI PCI platform driver
[   10.820686] ehci-platform: EHCI generic platform driver
[   10.882469] ohci_hcd: USB 1.1 'Open' Host Controller (OHCI) Driver
[   11.030097] ohci-pci: OHCI PCI platform driver
[   11.092696] ohci-platform: OHCI generic platform driver
[   11.219609] uhci_hcd: USB Universal Host Controller Interface driver
[   11.362057] i8042: PNP: PS/2 Controller [PNP0303:PS2K,PNP0f03:PS2M] at 0x60,0x64 irq 1,12
[   11.505917] serio: i8042 KBD port at 0x60,0x64 irq 1
[   11.512825] serio: i8042 AUX port at 0x60,0x64 irq 12
[   .582 mseev: S/ musdeceommo f all mice

[   12.042886] input:ATTranlatd Se 2eyaras/deviceslaori82/ri/iutnp2
[   12.784407] rtc_cmos rtc_cmos: rtc core: registered rtc_cmos as rtc0
[   12.803999] rtc_cmos rtc_cmos: alarms up to one day, 114 bytes nvram
[   12.832088] i2c /dev entries driver
[   12.847274] device-mapper: uevent: version 1.0.3
[   12.871614] device-mapper: ioctl: 4.37.0-ioctl (2017-09-20) initialised: dm-devel@redhat.com
[   12.899716] ledtrig-cpu: registered to indicate activity on CPUs
[   12.915134] NET: Registered protocol family 10
[   12.982132] Segment Routing with IPv6
[   13.037770] NET: Registered protocol family 17
[   13.157250] Key type dns_resolver registered
[   13.245205] RAS: Correctable Errors collector initialized.
[   13.407208] sched_clock: Marking stable (13407164792, 0)->(39752591071, -26345426279)
[   13.560647] registered taskstats version 1
[   13.662425] Loading compiled-in X.509 certificates
[   13.665992] Loaded X.509 cert 'Build time autogenerated kernel key: 83a24b0453c1c7015e385f44153c9d4e483baefd'
[   13.849010] zswap: loaded using pool lzo/zbud
[   13.927654] Key type big_key registered
[   13.967307] Key type trusted registered
[   13.990946] Key type encrypted registered
[   14.010976] AppArmor: AppArmor sha1 policy hashing enabled
[   14.031691] ima: No TPM chip found, activating TPM-bypass! (rc=-19)
[   14.043985] evm: HMAC attrs: 0x1
[   14.052541]   Magic number: 6:812:10
[   14.081920] rtc_cmos rtc_cmos: setting system clock to 2018-10-04 05:02:23 UTC (1538629343)
[   14.149116] BIOS EDD facility v0.16 2004-Jun-25, 0 devices found
[   14.160262] EDD information not available.
[   14.175171] Freeing unused kernel memory: 2408K
[   14.212037] Write protecting the kernel read-only data: 20480k
[   14.269811] Freeing unused kernel memory: 2008K
[   14.290313] Freeing unused kernel memory: 1904K
[   14.330739] x86/mm: Checked W+X mappings: passed, no W+X pages found.
[   14.343392] x86/mm: Checking user space page tables
[   14.403280] x86/mm: Checked W+X mappings: passed, no W+X pages found.
Loading, please wait...
starting version 237
[   14.483886] e1000: Intel(R) PRO/1000 Network Driver - version 7.3.21-k8-NAPI
[   14.503453] e1000: Copyright (c) 1999-2006 Intel Corporation.
[   14.511777] Fusion MPT base driver 3.04.20
[   14.538921] Copyright (c) 1999-2008 LSI Corporation
[   14.545089] Fusion MPT SPI Host driver 3.04.20
[   14.580578] AVX2 version of gcm_enc/dec engaged.
[   14.593252] AES CTR mode by8 optimization enabled
[   14.719840] input: ImExPS/2 Generic Explorer Mouse as /devices/platform/i8042/serio1/input/input4
[   14.937711] e1000 0000:00:03.0 eth0: (PCI:33MHz:32-bit) 02:bf:4e:2e:fe:db
[   15.011942] e1000 0000:00:03.0 eth0: Intel(R) PRO/1000 Network Connection
[   15.466360] e1000 0000:00:08.0 eth1: (PCI:33MHz:32-bit) 08:00:27:5c:2f:56
[   15.619717] e1000 0000:00:08.0 eth1: Intel(R) PRO/1000 Network Connection
[   15.732513] e1000 0000:00:08.0 enp0s8: renamed from eth1
[   15.748173] mptbase: ioc0: Initiating bringup
[   15.844293] ioc0: LSI53C1030 A0: Capabilities={Initiator}
[   16.025111] e1000 0000:00:03.0 enp0s3: renamed from eth0
[   16.130279] scsi host2: ioc0: LSI53C1030 A0, FwRev=00000000h, Ports=1, MaxQ=256, IRQ=20
[   16.369243] scsi 2:0:0:0: Direct-Access     VBOX     HARDDISK         1.0  PQ: 0 ANSI: 5
[   16.544208] scsi target2:0:0: Beginning Domain Validation
[   16.616290] scsi target2:0:0: Domain Validation skipping write tests
[   16.681921] scsi target2:0:0: Ending Domain Validation
[   16.759920] scsi target2:0:0: asynchronous
[   16.813355] scsi 2:0:1:0: Direct-Access     VBOX     HARDDISK         1.0  PQ: 0 ANSI: 5
[   16.884116] scsi target2:0:1: Beginning Domain Validation
[   16.943205] random: fast init done
[   17.491060] scsi target2:0:1: Domain Validation skipping write tests
[   17.539011] scsi target2:0:1: Ending Domain Validation
[   17.563006] scsi target2:0:1: asynchronous
[   17.622777] random: systemd-udevd: uninitialized urandom read (16 bytes read)
[   17.629555] sd 2:0:0:0: Attached scsi generic sg0 type 0
[   17.629659] sd 2:0:1:0: Attached scsi generic sg1 type 0
[   17.629933] sd 2:0:0:0: [sda] 20971520 512-byte logical blocks: (10.7 GB/10.0 GiB)
[   17.629988] sd 2:0:0:0: [sda] Write Protect is off
[   17.630089] sd 2:0:0:0: [sda] Incomplete mode parameter data
[   17.630090] sd 2:0:0:0: [sda] Assuming drive cache: write through
[   17.631300]  sda: sda1
[   17.632124] sd 2:0:0:0: [sda] Attached SCSI disk
[   17.632295] sd 2:0:1:0: [sdb] 20480 512-byte logical blocks: (10.5 MB/10.0 MiB)
[   17.632337] sd 2:0:1:0: [sdb] Write Protect is off
[   17.632432] sd 2:0:1:0: [sdb] Incomplete mode parameter data
[   17.632433] sd 2:0:1:0: [sdb] Assuming drive cache: write through
[   17.634675] sd 2:0:1:0: [sdb] Attached SCSI disk
[   18.490432] random: systemd-udevd: uninitialized urandom read (16 bytes read)
[   18.612963] random: systemd-udevd: uninitialized urandom read (16 bytes read)
[   18.772006] random: systemd-udevd: uninitialized urandom read (16 bytes read)
[   18.780406] random: systemd-udevd: uninitialized urandom read (16 bytes read)
[   18.780416] random: systemd-udevd: uninitialized urandom read (16 bytes read)
[   18.780419] random: systemd-udevd: uninitialized urandom read (16 bytes read)
[   18.780434] random: systemd-udevd: uninitialized urandom read (16 bytes read)
[   18.780444] random: systemd-udevd: uninitialized urandom read (16 bytes read)
[   18.780447] random: systemd-udevd: uninitialized urandom read (16 bytes read)
Begin: Loading essential drivers ... [   20.996078] raid6: sse2x1   gen()  9048 MB/s
[   21.104069] raid6: sse2x1   xor()  8707 MB/s
[   21.248192] raid6: sse2x2   gen() 13751 MB/s
[   21.296114] raid6: sse2x2   xor()  9641 MB/s
[   21.416260] raid6: sse2x4   gen() 16596 MB/s
[   21.524571] raid6: sse2x4   xor()  9940 MB/s
[   21.580642] raid6: avx2x1   gen() 19478 MB/s
[   21.656302] raid6: avx2x1   xor() 15045 MB/s
[   21.752071] raid6: avx2x2   gen() 16994 MB/s
[   21.808579] raid6: avx2x2   xor()  6770 MB/s
[   21.876316] raid6: avx2x4   gen() 28730 MB/s
[   21.957937] raid6: avx2x4   xor() 19505 MB/s
[   21.993023] raid6: using algorithm avx2x4 gen() 28730 MB/s
[   21.994358] raid6: .... xor() 19505 MB/s, rmw enabled
[   21.995562] raid6: using avx2x2 recovery algorithm
[   22.029211] xor: automatically using best checksumming function   avx       
[   22.114832] async_tx: api initialized (async)
done.
Begin: Running /scripts/init-premount ... done.
Begin: Mounti[   22.193459] Btrfs loaded, crc32c=crc32c-intel
ng root file system ... Begin: Running /scripts/local-top ... do[   22.333578] EXT4-fs (sda1): mounted filesystem with ordered data mode. Opts: (null)
ne.
Begin: Running /scripts/local-premount ... Scanning for Btrfs filesystems
done.
Warning: fsck not present, so skipping root file system
done.
Begin: Running /scripts/local-bottom ... done.
Begin: Running /scripts/init-bottom ... done.
[   23.066885] ip_tables: (C) 2000-2006 Netfilter Core Team
[   24.076746] systemd[1]: systemd 237 running in system mode. (+PAM +AUDIT +SELINUX +IMA +APPARMOR +SMACK +SYSVINIT +UTMP +LIBCRYPTSETUP +GCRYPT +GNUTLS +ACL +XZ +LZ4 +SECCOMP +BLKID +ELFUTILS +KMOD -IDN2 +IDN -PCRE2 default-hierarchy=hybrid)
[   28.120624] systemd[1]: Detected virtualization oracle.
[   28.132905] systemd[1]: Detected architecture x86-64.

Welcome to [1mUbuntu 18.04.1 LTS[0m!

[   28.193712] systemd[1]: Set hostname to <ubuntu-bionic>.
[   29.419504] random: crng init done
[   29.582801] systemd[1]: Reached target System Time Synchronized.
[[0;32m  OK  [0m] Reached target System Time Synchronized.
[   30.590897] systemd[1]: Created slice System Slice.
[[0;32m  OK  [0m] Created slice System Slice.
[   31.612139] systemd[1]: Listening on /dev/initctl Compatibility Named Pipe.
[[0;32m  OK  [0m] Listening on /dev/initctl Compatibility Named Pipe.
[   33.136827] systemd[1]: Listening on udev Control Socket.
[[0;32m  OK  [0m] Listening on udev Control Socket.
[   33.320780] systemd[1]: Listening on Journal Socket (/dev/log).
[[0;32m  OK  [0m] Listening on Journal Socket (/dev/log).
[   33.496512] systemd[1]: Listening on Device-mapper event daemon FIFOs.
[[0;32m  OK  [0m] Listening on Device-mapper event daemon FIFOs.
[   33.545654] systemd[1]: Listening on udev Kernel Socket.
[[0;32m  OK  [0m] Listening on udev Kernel Socket.
[   33.601306] systemd[1]: Listening on Journal Socket.
[[0;32m  OK  [0m] Listening on Journal Socket.
[   33.742676] systemd[1]: Mounting Huge Pages File System...
         Mounting Huge Pages File System...
[   33.794881] systemd[1]: Starting Set the console keyboard layout...
         Starting Set the console keyboard layout...
         Starting Remount Root and Kernel[   33.918646] EXT4-fs (sda1): re-mounted. Opts: (null)
 File Systems...
         Mounting Kernel Debug File System...
         Starting Create list of required stâ€¦ce nodes for the current kernel...
[[0;32m  OK  [0m] Reached target Swap.
[[0;32m  OK  [0m] Created slice User and Session Slice.
[[0;32m  OK  [0m] Reached target Slices.
         Mounting POSIX Message Queue File System...
[[0;32m  OK  [0m] Listening on Syslog Socket.
[[0;32m  OK  [0m] Listening on Journal Audit Socket.
         Starting Journal Service...
[[0;32m  OK  [0m] Started Forward Password Requests to Wall Directory Watch.
[[0;32m  OK  [0m] Set up automount Arbitrary Executabâ€¦rmats File System Automount Point.
[[0;32m  OK  [0m] Listening on LVM2 metadata daemon socket.
         Starting Monitoring of LVM2 mirrorsâ€¦ng dmeventd or progress polling...
[[0;32m  OK  [0m] Listening on Network Service Netlink Socket.
[[0;32m  OK  [0m] Reached target User and Group Name Lookups.
[[0;32m  OK  [0m] Listening on LVM2 poll daemon socket.
         Starting Uncomplicated firewall...
         Starting Load Kernel Modules...[   34.544370] Loading iSCSI transport class v2.0-870.

[   34.589225] systemd[1]: Created slice system-serial\x2dgetty.slice.
[[0;32m  OK  [0[   34.624774] iscsi: registered transport (tcp)
m] Created slice system-serial\x2dgetty.slice.
[   34.719265] iscsi: registered transport (iser)
[   35.783780] systemd[1]: Starting udev Coldplug all Devices...
         Starting udev Coldplug all Devices...
[   35.833150] systemd[1]: Started Journal Service.
[[0;32m  OK  [0m] Started Journal Service.
[[0;32m  OK  [0m] Mounted Huge Pages File System.
[[0;32m  OK  [0m] Started Set the console keyboard layout.
[[0;32m  OK  [0m] Started Remount Root and Kernel File Systems.
[[0;32m  OK  [0m] Mounted Kernel Debug File System.
[[0;32m  OK  [0m] Started Create list of required staâ€¦vice nodes for the current kernel.
[[0;32m  OK  [0m] Mounted POSIX Message Queue File System.
[[0;32m  OK  [0m] Started Uncomplicated firewall.
[[0;32m  OK  [0m] Started Load Kernel Modules.
[[0;32m  OK  [0m] Started LVM2 metadata daemon.
         Starting Apply Kernel Variables...
         Mounting Kernel Configuration File System...
         Mounting FUSE Control File System...
         Starting Create Static Device Nodes in /dev...
         Starting Load/Save Random Seed...
         Starting Initial cloud-init job (pre-networking)...
         Starting Flush Journal to Persistent Storage...
[[0;32m  OK  [0m] Started Monitoring of LVM2 mirrors,â€¦sing dmeventd or progress polling.
[[0;32m  OK  [0m] Started udev Coldplug all Devices.
[[0;32m  OK  [0m] Started Apply Kernel Variables.
[[0;32m  OK  [0m] Mounted Kernel Configuration File System.
[[0;32m  OK  [0m] Mounted FUSE Control File System.
[[0;32m  OK  [0m] Started Create Static Device Nodes in /dev.
[[0;32m  OK  [0m] Started Load/Save Random Seed.
         Starting udev Kernel Device Manager...
[[0;32m  OK  [0m] Reached target Local File Systems (Pre).
[[0;32m  OK  [0m] Reached target Local File Systems.
         Starting ebtables ruleset management...
         Starting Tell Plymouth To Write Out Runtime Data...
         Starting AppArmor initialization...
         Starting Set console font and keymap...
[[0;32m  OK  [0m] Started udev Kernel Device Manager.
[[0;32m  OK  [0m] Started Dispatch Password Requests to Console Directory Watch.
[[0;32m  OK  [0m] Reached target Local Encrypted Volumes.
[[0;32m  OK  [0m] Started Tell Plymouth To Write Out Runtime Data.
[[0;32m  OK  [0m] Started Set console font and keymap.
[[0;32m  OK  [0m] Started Flush Journal to Persistent Storage.
[[0;32m  OK  [0m] Found device /dev/ttyS0.
         Starting Create Volatile Files and Directories...
[[0;32m  OK  [0m] Started ebtables ruleset management.
[[0;32m  OK  [0m] Started Create Volatile Files and Directories.
[[0;32m  OK  [0m] Listening on Load/Save RF Kill Switch Status /dev/rfkill Watch.
         Starting Update UTMP about System Boot/Shutdown...
[[0;32m  OK  [0m] Started Update UTMP about System Boot/Shutdown.
[[0;32m  OK  [0m] Started AppArmor initialization.
[   38.822697] cloud-init[441]: Cloud-init v. 18.2 running 'init-local' at Thu, 04 Oct 2018 05:02:47 +0000. Up 38.49 seconds.
[[0;32m  OK  [0m] Started Initial cloud-init job (pre-networking).
[[0;32m  OK  [0m] Reached target Network (Pre).
         Starting Network Service...
[[0;32m  OK  [0m] Started Network Service.
         Starting Wait for Network to be Configured...
         Starting Network Name Resolution...
[[0;32m  OK  [0m] Started Network Name Resolution.
[[0;32m  OK  [0m] Reached target Host and Network Name Lookups.
[[0;32m  OK  [0m] Reached target Network.
[[0;32m  OK  [0m] Started Wait for Network to be Configured.
         Starting Initial cloud-init job (metadata service crawler)...
[   42.131099] cloud-init[731]: Cloud-init v. 18.2 running 'init' at Thu, 04 Oct 2018 05:02:50 +0000. Up 41.32 seconds.
[   42.137989] cloud-init[731]: ci-info: ++++++++++++++++++++++++++++++++++++++Net device info+++++++++++++++++++++++++++++++++++++++
[   42.172783] cloud-init[731]: ci-info: +--------+------+-----------------------------+---------------+--------+-------------------+
[   42.199446] cloud-init[731]: ci-info: | Device |  Up  |           Address           |      Mask     | Scope  |     Hw-Address    |
[[0;32m  OK  [0m] Started Initial cloud-init job (metadata service crawler).
[   42.281201] [[0;32m  OK  [0m] Reached target System Initialization.
cloud-init[731]: ci-info: +--------+------+-----------------------------+---------------+--------+-------------------+
[[0;32m  OK  [0m] Started Daily apt download activities.
[   42.409101] cloud-init[731]:          Starting Socket activation for snappy daemon.
[[0;32m  OK  [0m] Started Message of the Day.
ci-info: | enp0s3 | True |          10.0.2.15          | 255.255.255.0 | global | 02:bf:4e:2e:fe:db |
[   42.520325] [cloud-init[0;32m  OK  [0m] Listening on D-Bus System Message Bus Socket.
[731]: ci-info: | enp0s3 | True |  fe80::bf:4eff:fe2e:fedb/64 |       .       |  link  | 02:bf:4e:2e:fe:db |
[[0;32m  OK  [0m] Started Discard unused blocks once a week.
[   42.578955] cloud-init[731]: ci-info: | enp0s8 | True |        192.168.33.10        | 255.255.255.0 | global | 08:00:27:5c:2f:56 |
[   42.662641] cloud-init[731]: ci-info: | enp0s8 | True | fe80::a00:27ff:fe5c:2f56/64 |       .       |  link  | 08:00:27:5c:2f:56 |
[   42.724637] cloud-init[731]: ci-info: |   lo   | True |          127.0.0.1          |   255.0.0.0   |  host  |         .         |
[   42.795013] cloud-init[731]: ci-info: |   lo   | True |           ::1/128           |       .       |  host  |         .         |
[   42.864291] cloud-init[731]: ci-info: +--------+------+-----------------------------+---------------+--------+-------------------+
[   42.932620] cloud-init[731]: ci-info: +++++++++++++++++++++++++++++Route IPv4 info+++++++++++++++++++++++++++++
[[0;32m  OK  [0m] Started ACPI Events Check.
[[0;32m  OK  [0m] Reached target Paths.
[[0;32m  OK  [0m] Started Daily Cleanup of Temporary Directories.
[[0;32m  OK  [0m] Listening on ACPID Listen Socket.
[   42.987438] cloud-init[731]: ci-info: +-------+--------------+----------+-----------------+-----------+-------+
[   43.172549] cloud-init[731]: ci-info: | Route | Destination  | Gateway  |     Genmask     | Interface | Flags |
[[0;32m  OK  [0m] Started Daily apt upgrade and clean activities.
[[0;32m  OK  [0m] Reached target Timers.
[   43.259530] cloud-init[731]: ci-info: +-------+--------------+----------+-----------------+-----------+-------+
         Starting LXD - unix socket.
[[0;32m  OK  [0m] Listening on UUID daemon activation socket.
[[0;32m  OK  [0m] Reached target Cloud-config availability.
[[0;32m  OK  [0m] Reached target Network is Online.
[   43.406776] cloud-init[731]: ci-info: |   0   |   0.0.0.0    | 10.0.2.2 |     0.0.0.0     |   enp0s3  |   UG  |
         Starting iSCSI initiator daemon (iscsid)...
[[0;32m  OK  [0m] Listening on Socket activation for snappy daemon.
[[0;32m  OK  [0m] Listening on LXD - unix socket.
[   43.558883] cloud-init[731]: ci-info: |   1   |   10.0.2.0   | 0.0.0.0  |  255.255.255.0  |   enp0s3  |   U   |
[[0;32m  OK  [0m] Reached target Sockets.
[[   43.680560] cloud-init[731]: ci-info: |   2   |   10.0.2.2   | 0.0.0.0  | 255.255.255.255 |   enp0s3  |   UH  |
[   43.704804] cloud-init[731]: ci-info: |   3   | 192.168.33.0 | 0.0.0.0  |  255.255.255.0  |   enp0s8  |   U   |
[0;32m  OK  [0m] Reached target Basic System.
[   43.705021] cloud-init[731]: ci-info: +-------+--------------+----------+-----------------+-----------+-------+
         [   43.848317] Starting Accounts Service...cloud-init
[731]: ci-info: +++++++++++++++++++Route IPv6 info+++++++++++++++++++
         [   43.897617] Starting Apply the settings specified in cloud-config...cloud-init
[731]: ci-info: +-------+-------------+---------+-----------+-------+
[   43.897884] cloud-init[731]: ci-info: | Route | Destination | Gateway | Interface | Flags |
[   43.897966] cloud-init[731]: ci-info: +-------+-------------+---------+-----------+-------+
[[   44.031819] cloud-init[731]: ci-info: |   1   |  fe80::/64  |    ::   |   enp0s8  |   U   |
[   44.032703] cloud-init[731]: ci-info: |   2   |  fe80::/64  |    ::   |   enp0s3  |   U   |
[   44.033444] cloud-init[731]: ci-info: |   4   |    local    |    ::   |   enp0s3  |   U   |
[   44.033554] cloud-init[731]: ci-info: |   5   |    local    |    ::   |   enp0s8  |   U   |
[   44.033686] cloud-init[731]: ci-info: |   6   |   ff00::/8  |    ::   |   enp0s8  |   U   |
[   44.033812] cloud-init[731]: ci-info: |   7   |   ff00::/8  |    ::   |   enp0s3  |   U   |
[   44.034443] cloud-init[731]: ci-info: +-------+-------------+---------+-----------+-------+
[0;32m  OK  [0m] Started FUSE filesystem for LXC.
         Starting vboxadd.service...
         Starting LSB: Record successful boot for GRUB...
[[0;32m  OK  [0m] Started D-Bus System Message Bus.
         Starting Dispatcher daemon for systemd-networkd...
[[0;32m  OK  [0m] Started Regular background program processing daemon.
         Starting LXD - container startup/shutdown...
[[0;32m  OK  [0m] Started irqbalance daemon.
[[0;32m  OK  [0m] Started Deferred execution scheduler.
         Starting Snappy daemon...
         Starting OpenBSD Secure Shell server...
         Starting Login Service...
         Starting System Logging Service...
[[0;32m  OK  [0m] Started iSCSI initiator daemon (iscsid).
[   45.718652] cloud-init[844]: Cloud-init v. 18.2 running 'modules:config' at Thu, 04 Oct 2018 05:02:54 +0000. Up 44.77 seconds.
[[0;32m  OK  [0m] Started Login Service.
[[0;32m  OK  [0m] Started System Logging Service.
[[0;32m  OK  [0m] Started Apply the settings specified in cloud-config.
         Starting Authorization Manager...
         Starting Availability of block devices...
[[0;32m  OK  [0m] Reached target Remote File Systems (Pre).
[[0;32m  OK  [0m] Reached target Remote File Systems.
         Starting LSB: automatic crash report generation...
         Starting Permit User Sessions...
[[0;32m  OK  [0m] Started Availability of block devices.
[[0;32m  OK  [0m] Started Permit User Sessions.
         Starting Terminate Plymouth Boot Screen...
         Starting Hold until boot process finishes up...
[[0;32m  OK  [0m] Started LSB: Record successful boot for GRUB.
[[0;32m  OK  [0m] Started Terminate Plymouth Boot Screen.
[[0;32m  OK  [0m] Started Hold until boot process finishes up.
[[0;32m  OK  [0m] Started vboxadd.service.
[[0;32m  OK  [0m] Started Authorization Manager.
[[0;32m  OK  [0m] Started Accounts Service.
         Starting vboxadd-service.service...
[[0;32m  OK  [0m] Started Serial Getty on ttyS0.
         Starting Set console scheme...
[[0;32m  OK  [0m] Started OpenBSD Secure Shell server.
[[0;32m  OK  [0m] Started Snappy daemon.
[[0;32m  OK  [0m] Started Set console scheme.
[[0;32m  OK  [0m] Created slice system-getty.slice.
[[0;32m  OK  [0m] Started Getty on tty1.
[[0;32m  OK  [0m] Reached target Login Prompts.
         Starting Wait until snapd is fully seeded...
[[0;32m  OK  [0m] Started Dispatcher daemon for systemd-networkd.
[[0;32m  OK  [0m] Started LSB: automatic crash report generation.
[[0;32m  OK  [0m] Started vboxadd-service.service.
[[0;32m  OK  [0m] Started Wait until snapd is fully seeded.
[[0;32m  OK  [0m] Started LXD - container startup/shutdown.
[[0;32m  OK  [0m] Reached target Multi-User System.
         Starting Execute cloud user/final scripts...
[[0;32m  OK  [0m] Reached target Graphical Interface.
         Starting Update UTMP about System Runlevel Changes...
[[0;32m  OK  [0m] Started Update UTMP about System Runlevel Changes.
[[0;32m  OK  [0m] Created slice User Slice of vagrant.
         Starting User Manager for UID 1000...
[[0;32m  OK  [0m] Started Session 1 of user vagrant.
[[0;32m  OK  [0m] Started User Manager for UID 1000.
[   47.588557] cloud-init[1266]: Cloud-init v. 18.2 running 'modules:final' at Thu, 04 Oct 2018 05:02:56 +0000. Up 47.30 seconds.
[[   47.705274] cloud-init[1266]: Cloud-init v. 18.2 finished at Thu, 04 Oct 2018 05:02:56 +0000. Datasource DataSourceNoCloud [seed=/dev/sdb][dsmode=net].  Up 47.58 seconds
[0;32m  OK  [0m] Started Execute cloud user/final scripts.
[[0;32m  OK  [0m] Reached target Cloud-init target.

Ubuntu 18.04.1 LTS ubuntu-bionic ttyS0

ubuntu-bionic login: 