[   0.0000]inux vrson4.15.00-eneric uild@lw0-amd64-060) (gcc eron 7.3.0 (Untu .3.0-16ubuntu3)) #32-Ubuntu SMP Thu Jul 26 17:42:43 UTC 2018 (Ubuntu 4.15.0-30.32-generic 4.15.18)
[    0.000000] Command lne BT_IMA=/oot/vinuz-150-30-neic otUUIDae952fa0-467c-b6-f120cc30 ro nsle=tt console=ttyS0
[    0000000] ERNEsuport cus:[   0.00000]  Intel GenuineIntel
[    0.000000]   AMD AuthentiAMD
[  0.00000   CtaurCeaurHul
    0.0000 x/fpu Spportig SAVEeaure 0x0: 'x7 lotingpoint registers
[  0.0000] x6/u: Suporing XSVEfeatre0x00: SSE register'
[   0.0000] 86/fu:upportin XAVE feure 0x00 'AVX resters
[    0.000000] x86/fpu: xstate_offset[2]:  576, xstate_sizes[2]:  256
[    0.000000] x86/fpu: Enabled xstate features 0x7, context sie s 32 byt, sing'sndar' foat.
[   0000000e820: OSprovidd hysic RM map:
[    000000]BIS-e0:[mem 000000000000000-0x000000000009fbff] usale
[  0.000000] BIOS-e820: [mem 0x000000000009fc00-0x000000000009ffff] reserved
[   .00000] IOS-e82: em 000000000f0000x00000000fff] rered
  0.000000] BIOS-e820: [mem 0x0000000000100000-0x000000003ffeffff] usable
[    0.000000] BIOS-e820: [mem 0x000000003fff0000-0x000000003fffffff] ACPI data
[    0.000000] BIOS-e820: [m 0x000000fec000-0x000000fe0ff]esrved
[   00000] BIOSe80: [em0x00000fee00-0x000000fe0fff]reservd
[  .00000 BIOS-e820: [mm 0x00000fc000-0x00000000ffffffff] resered
  0.0000 N(Eecute Disable) protection: actve
[    0.000000] SMBIO2.5 present.
[    .00000] DM innotk GmbH irtualBox/VirtualBox, BIO Virtuaox12/01/2006
[    0.000000] Hypervisor detected: KVM
[    0.000000] e820: laspf = 0x3f0max_ar_pfn= 400000
[  0.00000] MTRR: Disabled
[    0.000000] x86/PAT: MTRRs disaabld,skippig PT initialization too.
[    0.000000] CPU MTRRs all blank - virtualized system.
[    0.000000] x86/PAT: Configuration [0-7 W  W U- UC  W    UC- UC  
[    0.00000 found P MP-bl at [mm x0009fff00x09ffff] appe a [      (prval]
[   000000 Sanni 1 aea for lowemry crution
[   .0000]RAMDK:[mem0x9e30-036ceff]
[  0000000 API: rl tabe hecksum erficaiodisale
[   00000 APIRSP 0x000000000E0000004 v02 VB  )
[    0.00000]AC: XSDTx0000003FF000 003C (1 VBOX  BOXXT 00001 SL  00000061)
[    0.000000 API: ACP 00000003FF00 0000 (04 VBOX VBOXCP 00000001 ASL  00000061)
[   0.000] ACPI: DT0x0000003FF0470021F (02VBOX VBOXBIOS 00000002 INTL 20100528)
[    0.000000] ACPI: FACS 0x000000003FFF0200 000040
[    0.000000] ACPI: FACS 0x000000003FFF0200 000040
[    0.000000] ACPI: APIC 0x000000003FFF0240 00005C (v02 VBOX   VBOXAPIC 00000001 ASL  00000061)
[    0.000000] ACPI: SSDT 0x000000003FFF02A0 0001CC (v01 VBOX   VBOXCPUT 00000002 INTL 20100528)
[    0.000000] No NUMA configuration found
[    0.000000] Faking a node at [mem 0x0000000000000000-0x000000003ffeffff]
[    0.0000] NO_DTA(0alloat [me 0ffc500x3ffeff]
[   0.00000] vm-clock: cpu 0,, ms 0ff4401, rirycp cck
[  00000] kvm-oc: Usg srs 4b6401 a 4564d
    .00000] kvm-lockusng she offt of 744539 cycles
[  0.00000] clocksource: kvm-clock mk: 0ffffffffffff maxycle 01cd44dfb, ma_ile_n: 15909183 ns
[   0.0000 Zone nges
   000000]  MA    mem 0x0000000001000-0x0000000000ffff]
[    0.00000  MA32   [em 0x000000010000-0x000000003ffeffff]
[    .0000]  rmal  pty[   0.0000  evicce   emty
[   .00000] ovabe ne strtor eac nde
[  0.0000]Early memornode rnges
[   .0000]  nod  0: [m x00000000010-0x000000000ff]
[   000000] node 0: [emx000000010000x00000000ffffff
   00000]  Initmem etup od 0 [em 0000000000000-00000003ffeffff
[   .00000] esrvedut uavlable:8 pas
[  00000] CP: PM-Timr IO Prt0x40
[    0.0000] OAC[0]: ic_id2,ersin 32, ddess fe00000,SI 023
[    0.0000]AC: INTRCOVR us0 buirq 0 glba_iq  dfl d)
[  0.0000] ACPI IT_SRC_R (bus bus_irq 9globalrq 9 lowleve)
[  00000 Usg CPI (DT forMPconfurati iformation
[    0.000000] smpboot: Allowing 2 CPUs, 0 hotplug CPUs
[    0.000000] PM: egstered nosave memor: mem 0x00000-0x000fff][    00000]M:Registed nosa mmory [em 000f000-0x0009ffff]
[    0.000000] PM:egisteednose emory:mem x0a0000-x00eff]
[    000000PM Regterenoave moy: [mem 00f0000x00fff]
[  000000 e82 [em 00000000xfebfff] avlale f PI deics
[  0.0000] Botg paravirtualize krneln VM
   0.0000] cckourc: fine-jffie: ask: 0xffffff axycle: xfffffff, max_le_ns: 7645519600211568 
[    0.000000] radom: g_ranomytescaed fr sart_keel+0x99/4fd witcrnginit=
[    00000] setup_percpu: NR_CPUS:8192 nr_cpumask_bits:2 nr_cpu_ids:2 nnoe_ids:1[    0.000000] percpu: Embedded 46 pages/cpu @        (ptrval) s151552 r8192 d28672 u1048576
[   0.0000] P qpinlo hsh tbl entie: 56(orde 0, 4096 byte
    00000] Built 1  zonelists, mobility grouping on.  Total pages: 257913
[    0.000000] Policy zone: DMA32
[    0.000000] Kernel comma line BT_IMAGE=oot/vinz-4.15.0-30-nerirot=UUD=ae32fda02-467c674-ff19c1305roonsole=t1 conle=ttyS0
[    0.000000] Memory: 983104K/1048120K available (12300K kernel code, 270K rwdata, 24K rodaa, 2408Kinit, 2416K bss, 65016K reserd, 0cma-reserved)
[    0.000000]SLUB: HWWalgn64, Order=0-, MinObjec=0 CP=2 Nos=
[  .000000] rnelse pagtales soation: enaled[   0.0000] tre: allcaing 3993entrs in15 pags
[   00040] Hirahical U impleenation.
[    0.004000]	RU resticing PUfromNRPUS=82 o nr_c_ids=2
   000000] 	Tas RCU enable.
[  0.040] RC Ajuing geometry for rcu_faout_leaf16nr_cpid=2
   0.004000 N_IRQ 54544, _iqs: 440, preallocated irqs: 16
[    0.004000] Console: colour VGA+ 80x25
[    0.004000] console [tty1] enabled
[    0.004000] console [ttyS0] enabled
[    0.004000] ACPI: Core revision 20170831
[   0.004000] ACPI: 2 ACPI AML tables successfully acquired and loaded
[    0.004000] APIC: Switch to symmetric I/O mode setup
[    0.004000] x2apic enabled
[    0.004000] Switched APIC routing to physical apic.
[    0.004883] ..TIMER: vector=0x30 apic1=0 pin1=2 apic2=-1 pin2=-1
[    0.008007] tsc: Detected 2303.998 MHz processor
[    0.009129] Calibrating delay loop (skipped) preset value.. 4607.99 BogoMIPS (lpj=9215992)
[    0.012009] pid_max: default: 32768 minimum: 301
[    0.013165] Security Framework initialized
[    0.016009] Yama: becoming mindful.
[    0.020041] AppArmor: AppArmor initialized
[    0.028046] Dentry cache hash table entries: 131072 (order: 8, 1048576 bytes)
[    0.032089] Inode-cache hash table entries: 65536 (order: 7, 524288 bytes)
[    0.036026] Mount-cache hash table entries: 2048 (order: 2, 16384 bytes)
[    0.040015] Mountpoint-cache hash table entries: 2048 (order: 2, 16384 bytes)
[    0.044209] CPU: Physical Processor ID: 0
[    0.048008] CPU: Processor Core ID: 0
[    0.052026] mce: CPU supports 0 MCE banks
[    0.056023] Last level iTLB entries: 4KB 64, 2MB 8, 4MB 8
[    0.060007] Last level dTLB entries: 4KB 64, 2MB 0, 4MB 0, 1GB 4
[    0.064009] Spectre V2 : Mitigation: Full generic retpoline
[    0.068007] Spectre V2 : Spectre v2 mitigation: Filling RSB on context switch
[    0.072005] Speculative Store Bypass: Vulnerable
[    0.076102] Freeing SMP alternatives memory: 36K
[    0.084000] smpboot: CPU0: Intel(R) Core(TM) i5-7360U CPU @ 2.30GHz (family: 0x6, model: 0x8e, stepping: 0x9)
[    0.084079] Performance Events: unsupported p6 CPU model 142 no PMU driver, software events only.
[    0.088073] Hierarchical SRCU implementation.
[    0.092644] NMI watchdog: Perf event create on CPU 0 failed with -2
[    0.096008] NMI watchdog: Perf NMI watchdog permanently disabled
[    0.097502] smp: Bringing up secondary CPUs ...
[    0.100090] x86: Booting SMP configuration:
[    0.104009] .... node  #0, CPUs:      #1
[    0.004000] kvm-clock: cpu 1, msr 0:3ff44041, secondary cpu clock
[    0.004000] mce: CPU supports 0 MCE banks
[    0.148024] smp: Brought up 1 node, 2 CPUs
[    0.152009] smpboot: Max logical packages: 1
[    0.156005] smpboot: Total of 2 processors activated (9215.99 BogoMIPS)
[    0.160152] devtmpfs: initialized
[    0.164059] x86/mm: Memory block size: 128MB
[    0.165223] evm: security.selinux
[    0.166057] evm: security.SMACK64
[    0.168003] evm: security.SMACK64EXEC
[    0.172007] evm: security.SMACK64TRANSMUTE
[    0.176002] evm: security.SMACK64MMAP
[    0.180002] evm: security.apparmor
[    0.184006] evm: security.ima
[    0.188007] evm: security.capability
[    0.192098] clocksource: jiffies: mask: 0xffffffff max_cycles: 0xffffffff, max_idle_ns: 7645041785100000 ns
[    0.196018] futex hash table entries: 512 (order: 3, 32768 bytes)
[    0.200162] pinctrl core: initialized pinctrl subsystem
[    0.205464] RTC time: 18:13:08, date: 09/30/18
[    0.208245] NET: Registered protocol family 16
[    0.212091] audit: initializing netlink subsys (disabled)
[    0.216044] audit: type=2000 audit(1538331168.802:1): state=initialized audit_enabled=0 res=1
[    0.428010] cpuidle: using governor ladder
[    0.432020] cpuidle: using governor menu
[    0.436064] ACPI: bus type PCI registered
[    0.440008] acpiphp: ACPI Hot Plug PCI Controller Driver version: 0.5
[    0.448030] PCI: Using configuration type 1 for base access
[    0.456544] HugeTLB registered 2.00 MiB page size, pre-allocated 0 pages
[    0.464012] ACPI: Added _OSI(Module Device)
[    0.468014] ACPI: Added _OSI(Processor Device)
[    0.472027] ACPI: Added _OSI(3.0 _SCP Extensions)
[    0.476006] ACPI: Added _OSI(Processor Aggregator Device)
[    0.480009] ACPI: Added _OSI(Linux-Dell-Video)
[    0.488102] ACPI: Executed 1 blocks of module-level executable AML code
[    0.497879] ACPI: Interpreter enabled
[    0.500028] ACPI: (supports S0 S5)
[    0.504007] ACPI: Using IOAPIC for interrupt routing
[    0.508296] PCI: Using host bridge windows from ACPI; if necessary, use "pci=nocrs" and report a bug
[    0.512201] ACPI: Enabled 2 GPEs in block 00 to 07
[    0.525667] ACPI: PCI Root Bridge [PCI0] (domain 0000 [bus 00-ff])
[    0.528022] acpi PNP0A03:00: _OSC: OS supports [ASPM ClockPM Segments MSI]
[    0.532053] acpi PNP0A03:00: _OSC: not requesting OS control; OS requires [ExtendedConfig ASPM ClockPM MSI]
[    0.536079] acpi PNP0A03:00: fail to add MMCONFIG information, can't access extended PCI configuration space under this bridge.
[    0.544232] PCI host bridge to bus 0000:00
[    0.548010] pci_bus 0000:00: root bus resource [io  0x0000-0x0cf7 window]
[    0.552011] pci_bus 0000:00: root bus resource [io  0x0d00-0xffff window]
[    0.556010] pci_bus 0000:00: root bus resource [mem 0x000a0000-0x000bffff window]
[    0.560010] pci_bus 0000:00: root bus resource [mem 0x40000000-0xfdffffff window]
[    0.564011] pci_bus 0000:00: root bus resource [bus 00-ff]
[    0.573299] pci 0000:00:01.1: legacy IDE quirk: reg 0x10: [io  0x01f0-0x01f7]
[    0.576008] pci 0000:00:01.1: legacy IDE quirk: reg 0x14: [io  0x03f6]
[    0.577544] pci 0000:00:01.1: legacy IDE quirk: reg 0x18: [io  0x0170-0x0177]
[    0.579247] pci 0000:00:01.1: legacy IDE quirk: reg 0x1c: [io  0x0376]
[    0.596098] pci 0000:00:07.0: quirk: [io  0x4000-0x403f] claimed by PIIX4 ACPI
[    0.600027] pci 0000:00:07.0: quirk: [io  0x4100-0x410f] claimed by PIIX4 SMB
[    0.614996] ACPI: PCI Interrupt Link [LNKA] (IRQs 5 9 10 *11)
[    0.616537] ACPI: PCI Interrupt Link [LNKB] (IRQs 5 9 *10 11)
[    0.620154] ACPI: PCI Interrupt Link [LNKC] (IRQs 5 *9 10 11)
[    0.624162] ACPI: PCI Interrupt Link [LNKD] (IRQs 5 9 10 *11)
[    0.628379] SCSI subsystem initialized
[    0.632073] pci 0000:00:02.0: vgaarb: setting as boot VGA device
[    0.636000] pci 0000:00:02.0: vgaarb: VGA device added: decodes=io+mem,owns=io+mem,locks=none
[    0.636009] pci 0000:00:02.0: vgaarb: bridge control possible
[    0.640008] vgaarb: loaded
[    0.644046] ACPI: bus type USB registered
[    0.648042] usbcore: registered new interface driver usbfs
[    0.652038] usbcore: registered new interface driver hub
[    0.656043] usbcore: registered new device driver usb
[    0.660120] EDAC MC: Ver: 3.0.0
[    0.664307] PCI: Using ACPI for IRQ routing
[    0.668358] NetLabel: Initializing
[    0.672007] NetLabel:  domain hash size = 128
[    0.676006] NetLabel:  protocols = UNLABELED CIPSOv4 CALIPSO
[    0.680052] NetLabel:  unlabeled traffic allowed by default
[    0.684077] clocksource: Switched to clocksource kvm-clock
[   .781522] VFS: Disk quotas dquot_6.6.0
[    0.830463] VFS: Dquot-cache hash table entries: 512 (order 0, 4096 bytes)
[  08399ApAror ApAmor Flest Ebl
  1.37] p:nPCPint
[  163761]pn: P PIfod dece

[  2823]losoceac_p mk:xfffmax_cyes0xff, axid_n 25702ns[    3.115252] NET: Registered protocol family 2

[    3.416]CPstliedastae trs:192 (oer4,55 bes

[    3.90844]TCbi hh ble entrie: 92orr:, 10 bes
[  433815]CPHa tlecoigedesblshd 192 bind8192

[   .148 U hh blenie 5 (rder: 2, 16384 bytes)[   57519] UDP-itha tlenties: 512 (order: 2, 1634 yt)  6.00] T:egted rotocol amy 
[  6443]pc00:000: mingirctPCI/PC tnsrs
[   .32690] pci 0000:00:01.0: Activating ISA DMA hang workarounds

[    7.448388] pci 0000:00:02. Veoeve with sdod M  [m 00000-00ff]
[   8.111570] Unpki itrfs..

[    8.678357] Freeing initrd memory: 19480K
[    8.785007] platform rtc_cmos: registered platform RTC device (no PNP device found)
[    8.897433] Scanning for low memory corruption every 60 seconds
[    8.931337] Initialise system trusted keyrings
[    9.004777] Key type blacklist registered
[    9.021583] workingset: timestamp_bits=36 max_order=18 bucket_order=0
[    9.040927] zbud: loaded
[    9.041958] squashfs: version 4.0 (2009/01/31) Phillip Lougher
[    9.043635] fuse init (API version 7.26)
[    9.056623] Key type asymmetric registered
[    9.093909] Asymmetric key parser 'x509' registered
[    9.156868] Block layer SCSI generic (bsg) driver version 0.4 loaded (major 246)
[    9.164621] io scheduler noop registered
[    9.212332] io scheduler deadline registered
[    9.232981] io scheduler cfq registered (default)
[    9.234681] ACPI: AC Adapter [AC] (off-line)
[    9.258494] input: Power Button as /devices/LNXSYSTM:00/LNXPWRBN:00/input/input0
[    9.265016] ACPI: Power Button [PWRF]
[    9.292888] input: Sleep Button as /devices/LNXSYSTM:00/LNXSLPBN:00/input/input1
[    9.294689] ACPI: Sleep Button [SLPF]
[   .3789]AC: ttry Sl [BAT0] (battery present)

[    9.360311] Serial: 8250/16550 driver, 32 ports, IRQ sharing enabled
[    9.717333] 00:02: ttyS0 at I/O 0x3f8 (irq = 4, base_baud = 115200) is a 16550A
[    9.719162] Linux agpgart interface v0.103
[    9.772393] loop: module loaded
[    9.788582] tsc: Refined TSC clocksource calibration: 2303.350 MHz
[    9.788589] clocksource: tsc: mask: 0xffffffffffffffff max_cycles: 0x213391bd643, max_idle_ns: 440795279311 ns
[    9.819064] scsi host0: ata_piix
[    9.824420] scsi host1: ata_piix
[    9.829616] ata1: PATA max UDMA/33 cmd 0x1f0 ctl 0x3f6 bmdma 0xd000 irq 14
[    9.836215] ata2: PATA max UDMA/33 cmd 0x170 ctl 0x376 bmdma 0xd008 irq 15
[    9.840647] libphy: Fixed MDIO Bus: probed
[    9.847494] tun: Universal TUN/TAP device driver, 1.6
[    9.848791] PPP generic driver version 2.4.2
[    9.888899] ehci_hcd: USB 2.0 'Enhanced' Host Controller (EHCI) Driver
[    9.899596] ehci-pci: EHCI PCI platform driver
[    9.900727] ehci-platform: EHCI generic platform driver
[    9.901990] ohci_hcd: USB 1.1 'Open' Host Controller (OHCI) Driver
[    9.903473] ohci-pci: OHCI PCI platform driver
[    9.972308] ohci-platform: OHCI generic platform driver
[   10.008791] uhci_hcd: USB Universal Host Controller Interface driver
[   10.010351] i8042: PNP: PS/2 Controller [PNP0303:PS2K,PNP0f03:PS2M] at 0x60,0x64 irq 1,12
[   10.012722] serio: i8042 KBD port at 0x60,0x64 irq 1
[   10.013922] serio: i8042 AUX port at 0x60,0x64 irq 12
[   10.015212] mousedev: PS/2 mouse device common for all mice
[   10.073868] input: AT Translated Set 2 keyboard as /devices/platform/i8042/serio0/input/input2
[   10.126831] rtc_cmos rtc_cmos: rtc core: registered rtc_cmos as rtc0
[   10.128411] rtc_cmos rtc_cmos: alarms up to one day, 114 bytes nvram
[   10.255966] i2c /dev entries driver
[   10.375439] device-mapper: uevent: version 1.0.3
[   10.479017] device-mapper: ioctl: 4.37.0-ioctl (2017-09-20) initialised: dm-devel@redhat.com
[   10.528800] ledtrig-cpu: registered to indicate activity on CPUs
[   10.559787] NET: Registered protocol family 10
[   10.575568] Segment Routing with IPv6
[   10.581294] NET: Registered protocol family 17
[   10.587766] Key type dns_resolver registered
[   10.592235] RAS: Correctable Errors collector initialized.
[   10.675962] sched_clock: Marking stable (10675906058, 0)->(43389336538, -32713430480)
[   10.725441] registered taskstats version 1
[   10.809087] Loading compiled-in X.509 certificates
[   10.828480] Loaded X.509 cert 'Build time autogenerated kernel key: 83a24b0453c1c7015e385f44153c9d4e483baefd'
[   11.048671] zswap: loaded using pool lzo/zbud
[   11.072571] Key type big_key registered
[   11.145988] Key type trusted registered
[   11.148594] Key type encrypted registered
[   11.206490] AppArmor: AppArmor sha1 policy hashing enabled
[   11.288905] ima: No TPM chip found, activating TPM-bypass! (rc=-19)
[   11.379333] evm: HMAC attrs: 0x1
[   11.429180]   Magic number: 2:352:242
[   11.506244] rtc_cmos rtc_cmos: setting system clock to 2018-09-30 18:13:23 UTC (1538331203)
[   11.620914] BIOS EDD facility v0.16 2004-Jun-25, 0 devices found
[   11.648439] EDD information not available.
[   11.657896] Freeing unused kernel memory: 2408K
[   11.684116] Write protecting the kernel read-only data: 20480k
[   11.704566] Freeing unused kernel memory: 2008K
[   11.751403] Freeing unused kernel memory: 1904K
[   11.763187] x86/mm: Checked W+X mappings: passed, no W+X pages found.
[   11.764725] x86/mm: Checking user space page tables
[   11.784191] x86/mm: Checked W+X mappings: passed, no W+X pages found.
Loading, please wait...
starting version 237
[   11.908794] e1000: Intel(R) PRO/1000 Network Driver - version 7.3.21-k8-NAPI
[   12.008066] e1000: Copyright (c) 1999-2006 Intel Corporation.
[   12.035684] Fusion MPT base driver 3.04.20
[   12.118345] Copyright (c) 1999-2008 LSI Corporation
[   12.184968] AVX2 version of gcm_enc/dec engaged.
[   12.200228] AES CTR mode by8 optimization enabled
[   12.209907] Fusion MPT SPI Host driver 3.04.20
[   12.385136] input: ImExPS/2 Generic Explorer Mouse as /devices/platform/i8042/serio1/input/input4
[   12.562844] e1000 0000:00:03.0 eth0: (PCI:33MHz:32-bit) 02:bf:4e:2e:fe:db
[   12.669102] e1000 0000:00:03.0 eth0: Intel(R) PRO/1000 Network Connection
[   13.073146] e1000 0000:00:08.0 eth1: (PCI:33MHz:32-bit) 08:00:27:5c:2f:56
[   13.186531] e1000 0000:00:08.0 eth1: Intel(R) PRO/1000 Network Connection
[   13.232112] e1000 0000:00:03.0 enp0s3: renamed from eth0
[   13.300492] mptbase: ioc0: Initiating bringup
[   13.328799] e1000 0000:00:08.0 enp0s8: renamed from eth1
[   13.400296] ioc0: LSI53C1030 A0: Capabilities={Initiator}
[   13.751644] scsi host2: ioc0: LSI53C1030 A0, FwRev=00000000h, Ports=1, MaxQ=256, IRQ=20
[   14.001554] scsi 2:0:0:0: Direct-Access     VBOX     HARDDISK         1.0  PQ: 0 ANSI: 5
[   14.548743] scsi target2:0:0: Beginning Domain Validation
[   15.570239] scsi target2:0:0: Domain Validation skipping write tests
[   16.581147] scsi target2:0:0: Ending Domain Validation
[   16.686015] scsi target2:0:0: asynchronous
[   16.765528] scsi 2:0:1:0: Direct-Access     VBOX     HARDDISK         1.0  PQ: 0 ANSI: 5
[   16.969013] scsi target2:0:1: Beginning Domain Validation
[   17.101470] random: fast init done
[   17.559258] scsi target2:0:1: Domain Validation skipping write tests
[   17.597578] scsi target2:0:1: Ending Domain Validation
[   17.636757] scsi target2:0:1: asynchronous
[   17.666616] random: systemd-udevd: uninitialized urandom read (16 bytes read)
[   17.753016] sd 2:0:0:0: Attached scsi generic sg0 type 0
[   17.753062] random: systemd-udevd: uninitialized urandom read (16 bytes read)
[   17.753066] random: systemd-udevd: uninitialized urandom read (16 bytes read)
[   17.753233] sd 2:0:0:0: [sda] 20971520 512-byte logical blocks: (10.7 GB/10.0 GiB)
[   17.753290] sd 2:0:0:0: [sda] Write Protect is off
[   17.753368] random: systemd-udevd: uninitialized urandom read (16 bytes read)
[   17.753404] sd 2:0:0:0: [sda] Incomplete mode parameter data
[   17.753405] sd 2:0:0:0: [sda] Assuming drive cache: write through
[   17.753424] random: systemd-udevd: uninitialized urandom read (16 bytes read)
[   17.753329] random: systemd-udevd: uninitialized urandom read (16 bytes read)
[   17.753591] random: systemd-udevd: uninitialized urandom read (16 bytes read)
[   17.753649] random: systemd-udevd: uninitialized urandom read (16 bytes read)
[   17.753669] random: systemd-udevd: uninitialized urandom read (16 bytes read)
[   17.753759] random: systemd-udevd: uninitialized urandom read (16 bytes read)
[   17.755705]  sda: sda1
[   17.756268] sd 2:0:0:0: [sda] Attached SCSI disk
[   19.378747] sd 2:0:1:0: [sdb] 20480 512-byte logical blocks: (10.5 MB/10.0 MiB)
[   19.913378] sd 2:0:1:0: Attached scsi generic sg1 type 0
[   19.913640] sd 2:0:1:0: [sdb] Write Protect is off
[   19.913742] sd 2:0:1:0: [sdb] Incomplete mode parameter data
[   19.913743] sd 2:0:::0: [sdb] Assuming drive cache: write through
[   19.917480] sd 2:0:1:0: [sdb] Attached SCSI disk
Begin: Loading essential drivers ... [   21.888189] raid6: sse2x1   gen() 12139 MB/s
[   22.000475] raid6: sse2x1   xor()  8938 MB/s
[   22.116157] raid6: sse2x2   gen() 14875 MB/s
[   22.268819] raid6: sse2x2   xor() 11158 MB/s
[   22.408177] raid6: sse2x4   gen() 16311 MB/s
[   22.564145] raid6: sse2x4   xor() 10864 MB/s
[   22.648215] raid6: avx2x1   gen() 24270 MB/s
[   22.712097] raid6: avx2x1   xor()  9191 MB/s
[   22.824229] raid6: avx2x2   gen() 29835 MB/s
[   22.921284] raid6: avx2x2   xor() 20884 MB/s
[   23.052126] raid6: avx2x4   gen() 33591 MB/s
[   23.164480] raid6: avx2x4   xor() 20846 MB/s
[   23.253165] raid6: using algorithm avx2x4 gen() 33591 MB/s
[   23.352031] raid6: .... xor() 20846 MB/s, rmw enabled
[   23.359124] raid6: using avx2x2 recovery algorithm
[   23.367993] xor: automatically using best checksumming function   avx       
[   23.483180] async_tx: api initialized (async)
done.
Begin: Running /scripts/init-premount ... done.
Begin: Mounting root file system ... Begin: Running /scripts/local-top ... done.
Begin: Runn[   23.589595] Btrfs loaded, crc32c=crc32c-intel
ing /scripts/local-premount ... Scanning for Btrfs filesystems
done.
Warning: fsck no[   23.705748] EXT4-fs (sda1): mounted filesystem with ordered data mode. Opts: (null)
t present, so skipping root file system
done.
Begin: Running /scripts/local-bottom ... done.
Begin: Running /scripts/init-bottom ... done.
[   24.356771] ip_tables: (C) 2000-2006 Netfilter Core Team
[   24.870179] systemd[1]: systemd 237 running in system mode. (+PAM +AUDIT +SELINUX +IMA +APPARMOR +SMACK +SYSVINNT +UTMP +LIBCRYPTSETUP +GCRYPT +GNUTLS +ACL +XZ +LZ4 +SECCOMP +BLKID +ELFUTILS +KMOD -IDN2 +IDN -PCRE2 default-hierarchy=hybrid)
[   26.699354] systemd[1]: Detected virtualization oracle.
[   26.803289] systemd[1]: Detected architecture x86-64.

Welcome to [1mUbuntu 18.04.1 LTS[0m!

[   26.949784] systemd[1]: Set hostname to <ubuntu-bionic>.
[   27.466203] random: crng init done
[   27.742194] systemd[1]: Reached target User and Group Name Lookups.
[[0;32m  OK  [0m] Reached target User and Group Name Lookups.
[   27.929540] systemd[1]: Set up automount Arbitrary Executable File Formats File System Automount Point.
[[0;32m  OK  [0m] Set up automount Arbitrary Executabâ€¦rmats File System Automount Point.
[   28.020592] systemd[1]: Reached target Swap.
[[0;32m  OK  [0m] Reached target Swap.
[   28.042651] systemd[1]: Created slice System Slice.
[[0;32m  OK  [0m] Created slice System Slice.
[   28.077646] systemd[1]: Listening on LVM2 metadata daemon socket.
[[0;32m  OK  [0m] Listening on LVM2 metadata daemon socket.
[   28.208492] systemd[1]: Listening on Journal Socket (/dev/log).
[[0;32m  OK  [0m] Listening on Journal Socket (/dev/log).
[[0;32m  OK  [0m] Listening on Network Service Netlink Socket.
[[0;32m  OK  [0m] Listening on Journal Socket.
         Mounting Kernel Debug File System...
[[0;32m  OK  [0m] Listening on Syslog Socket.
         Starting Uncomplicated firewall...
         Starting Load Kernel Modules...[   28.490392] Loading iSCSI transport class v2.0-870.

[[0;32m  OK  [0[   28.602921] iscsi: registered transport (tcp)
m] Created slice system-serial\x2dgetty.slice.
[[0;32m  OK  [0[   28.649733] iscsi: registered transport (iser)
m] Listening on udev Control Socket.
[[0;32m  OK  [0m] Listening on Device-mapper event daemon FIFOs.
         Mounting Huge Pages File System...
         Mounting POSIX Message Queue File System...
[[0;32m  OK  [0m] Reached target System Time Synchronized.
         Starting Set the console keyboard layout...
[[0;32m  OK  [0m] Listening on udev Kernel Socket.
         Starting udev Coldplug all Devices...
[[0;32m  OK  [0m] Started Forward Password Requests to Wall Directory Watch.
[[0;32m  OK  [0m] Created slice User and Session Slice.
[[0;32m  OK  [0m] Reached target Slices.
         Starting Monitoring of LVM2 mirrorsâ€¦ng dmeventd or progress polling...
[[0;32m  OK  [0m] Listening on LVM2 poll daemon socket.
         Starting Create list of required stâ€¦ce nodes for the current kernel...
[[0;32m  OK  [0m] Listening on /dev/initctl Compatibility Named Pipe.
[[0;32m  OK  [0m] Listening on Journal Audit Socket.
         Starting Journal Service...
         Starting Remount Root and Kernel File Systems...
[[0;32m  OK  [0m] Started Journ[   29.587747] EXT4-fs (sda1): re-mounted. Opts: (null)
al Service.
[[0;32m  OK  [0m] Mounted Kernel Debug File System.
[[0;32m  OK  [0m] Started Uncomplicated firewall.
[[0;32m  OK  [0m] Started Load Kernel Modules.
[[0;32m  OK  [0m] Mounted Huge Pages File System.
[[0;32m  OK  [0m] Mounted POSIX Message Queue File System.
[[0;32m  OK  [0m] Started Create list of required staâ€¦vice nodes for the current kernel.
[[0;32m  OK  [0m] Started Remount Root and Kernel File Systems.
[[0;32m  OK  [0m] Started udev Coldplug all Devices.
[[0;32m  OK  [0m] Started LVM2 metadata daemon.
         Starting Load/Save Random Seed...
         Starting Initial cloud-init job (pre-networking)...
         Starting Create Static Device Nodes in /dev...
         Mounting Kernel Configuration File System...
         Starting Apply Kernel Variables...
         Mounting FUSE Control File System...
         Starting Flush Journal to Persistent Storage...
[[0;32m  OK  [0m] Started Monitoring of LVM2 mirrors,â€¦sing dmeventd or progress polling.
[[0;32m  OK  [0m] Started Load/Save Random Seed.
[[0;32m  OK  [0m] Started Create Static Device Nodes in /dev.
[[0;32m  OK  [0m] Mounted Kernel Configuration File System.
[[0;32m  OK  [0m] Mounted FUSE Control File System.
[[0;32m  OK  [0m] Started Apply Kernel Variables.
         Starting udev Kernel Device Manager...
[[0;32m  OK  [0m] Started udev Kernel Device Manager.
[[0;32m  OK  [0m] Started Set the console keyboard layout.
[[0;32m  OK  [0m] Started Dispatch Password Requests to Console Directory Watch.
[[0;32m  OK  [0m] Reached target Local Encrypted Volumes.
[[0;32m  OK  [0m] Reached target Local File Systems (Pre).
[[0;32m  OK  [0m] Reached target Local File Systems.
         Starting ebtables ruleset management...
         Starting Set console font and keymap...
         Starting Tell Plymouth To Write Out Runtime Data...
         Starting AppArmor initialization...
[[0;32m  OK  [0m] Started Set console font and keymap.
[[0;32m  OK  [0m] Started Tell Plymouth To Write Out Runtime Data.
[[0;32m  OK  [0m] Found device /dev/ttyS0.
[[0;32m  OK  [0m] Listening on Load/Save RF Kill Switch Status /dev/rfkill Watch.
[[0;32m  OK  [0m] Started ebtables ruleset management.
[[0;32m  OK  [0m] Started Flush Journal to Persistent Storage.
         Starting Create Volatile Files and Directories...
[[0;32m  OK  [0m] Started Create Volatile Files and Directories.
         Starting Update UTMP about System Boot/Shutdown...
[[0;32m  OK  [0m] Started Update UTMP about System Boot/Shutdown.
[[0;32m  OK  [0m] Started AppArmor initialization.
[   33.450480] cloud-init[434]: Cloud-init v. 18.2 running 'init-local' at Sun, 30 Sep 2018 18:13:45 +0000. Up 33.21 seconds.
[[0;32m  OK  [0m] Started Initial cloud-init job (pre-networking).
[[0;32m  OK  [0m] Reached target Network (Pre).
         Starting Network Service...
[[0;32m  OK  [0m] Started Network Service.
         Starting Network Name Resolution...
         Starting Wait for Network to be Configured...
[[0;32m  OK  [0m] Started Network Name Resolution.
[[0;32m  OK  [0m] Reached target Network.
[[0;32m  OK  [0m] Reached target Host and Network Name Lookups.
[[0;32m  OK  [0m] Started Wait for Network to be Configured.
         Starting Initial cloud-init job (metadata service crawler)...
[   36.823140] cloud-init[729]: Cloud-init v. 18.2 running 'init' at Sun, 30 Sep 2018 18:13:48 +0000. Up 36.15 seconds.
[   36.888953] cloud-init[729]: ci-info: ++++++++++++++++++++++++++++++++++++++Net device info+++++++++++++++++++++++++++++++++++++++
[[0;32m  OK  [0m] Started Initial cloud-init job (metadata service crawler).
[   36.904780] cloud-init[729]: ci-info: +--------+------+-----------------------------+---------------+--------+-------------------+
[[0;32m  OK  [0m] Reached target Network is Online.
[   36.997068] cloud-init[729]: ci-info: | Device |  Up  |           Address           |      Mask     | Scope  |     Hw-Address    |
         Starting iSCSI initiator daemon (iscsid)...
[[0;32m  OK  [0m] Reached target System Initialization.
[[0;32m  OK  [0m] Listening on D-Bus System Message Bus Socket.
[[0;32m  OK  [0m] Started Daily Cleanup of Temporary Directories.
[[0;32m  OK  [0m] Listening on UUID daemon activation socket.
[   37.075096] cloud-init[729]: ci-info: +--------+------+-----------------------------+---------------+--------+-------------------+
[   37.247350] cloud-init[729]: ci-info: | enp0s3 | True |          10.0.2.15          | 255.255.255.0 | global | 02:bf:4e:2e:fe:db |
[   37.308395] cloud-init[729]: ci-info: | enp0s3 | True |  fe80::bf:4eff:fe2e:fedb/64 |       .       |  link  | 02:bf:4e:2e:fe:db |
[   37.412414] cloud-init[729]: ci-info: | enp0s8 | True |        192.168.33.10        | 255.255.255.0 | global | 08:00:27:5c:2f:56 |
[   37.472393] cloud-init[729]: ci-info: | enp0s8 | True | fe80::a00:27ff:fe5c:2f56/64 |       .       |  link  | 08:00:27:5c:2f:56 |
[   37.524456] cloud-init[729]: ci-info: |   lo   | True |          127.0.0.1          |   255.0.0.0   |  host  |         .         |
[   37.556769] cloud-init[729]: ci-info: |   lo   | True |           ::1/128           |       .       |  host  |         .         |
[   37.620363] cloud-init[729]: ci-info: +--------+------+-----------------------------+---------------+--------+-------------------+
[[0;32m  OK  [0m] Started Message of the Day.
[   37.683321] cloud-init[729]: ci-info: +++++++++++++++++++++++++++++Route IPv4 info+++++++++++++++++++++++++++++
         Starting LXD - unix socket.
[   37.750924] cloud-init[729]: ci-info: +-------+--------------+----------+-----------------+-----------+-------+
[   37.816561] cloud-init[729]: ci-info: | Route | Destination  | Gateway  |     Genmask     | Interface | Flags |
[   37.876661] cloud-init[729]: ci-info: +-------+--------------+----------+-----------------+-----------+-------+
[   37.936321] cloud-init[729]: ci-info: |   0   |   0.0.0.0    | 10.0.2.2 |     0.0.0.0     |   enp0s3  |   UG  |
[   38.020423] cloud-init[729]: ci-info: |   1   |   10.0.2.0   | 0.0.0.0  |  255.255.255.0  |   enp0s3  |   U   |
[   38.067264] cloud-init[729]: ci-info: |   2   |   10.0.2.2   | 0.0.0.0  | 255.255.255.255 |   enp0s3  |   UH  |
[[0;32m  OK  [0m] Listening on ACPID Listen Socket.
[[0;32m  OK  [0m] Started Daily apt download activities.
[   38.134885] cloud-init[729]: ci-info: |   3   | 192.168.33.0 | 0.0.0.0  |  255.255.255.0  |   enp0s8  |   U   |
[   38.231075] cloud-init[729]: ci-info: +-------+--------------+----------+-----------------+-----------+-------+
[   38.268629] cloud-init[729]: ci-info: +++++++++++++++++++Route IPv6 info+++++++++++++++++++
[   38.317561] cloud-init[729]: ci-info: +-------+-------------+---------+-----------+-------+
[   38.356617] cloud-init[729]: ci-info: | Route | Destination | Gateway | Interface | Flags |
[[0;32m  OK  [0m] Started Daily apt upgrade and clean activities.
[[0;32m  OK  [0m] Started Discard unused blocks once a week.
[[0;32m  OK  [0m] Reached target Timers.
[   38.386768] cloud-init[729]: ci-info: +-------+-------------+---------+-----------+-------+
[   38.512476] cloud-init[729]: ci-info: |   1   |  fe80::/64  |    ::   |   enp0s8  |   U   |
[   38.552406] cloud-init[729]: ci-info: |   2   |  fe80::/64  |    ::   |   enp0s3  |   U   |
[   38.592366] cloud-init[729]: ci-info: |   4   |    local    |    ::   |   enp0s3  |   U   |
[   38.648746] cloud-init[729]: ci-info: |   5   |    local    |    ::   |   enp0s8  |   U   |
[   38.696930] cloud-init[729]: ci-info: |   6   |   ff00::/8  |    ::   |   enp0s8  |   U   |
[[0;32m  OK  [0m] Started ACPI Events Check.
[[0;32m  OK  [0m] Reached target Paths.
         Starting Socket activation for snappy daemon.
[[0;32m  OK  [0m] Reached target Cloud-config availability.
[[0;32m  OK  [0m] Listening on LXD - unix socket.
[[0;32m  OK  [0m] Listening on Socket activation for snappy daemon.
[[0;32m  OK  [0m] Started iSCSI initiator daemon (iscsid).
[[0;32m  OK  [0m] Reached target Remote File Systems (Pre).
[[0;32m  OK  [0m] Reached target Remote File Systems.
         Starting Availability of block devices...
[[0;32m  OK  [0m] Reached target Sockets.
[[0;32m  OK  [0m] Reached target Basic System.
[[0;32m  OK  [0m] Started Deferred execution scheduler.
         Starting Login Service...
[   38.719412] cloud-init[729]: ci-info: |   7   |   ff00::/8  |    ::   |   enp0s3  |   U   |
         Starting LSB: automatic crash report generation...
[   39.217166] cloud-init[729]: ci-info: +-------+-------------+---------+-----------+-------+
[[0;32m  OK  [0m] Started FUSE filesystem for LXC.
         Starting OpenBSD Secure Shell server...
         Starting vboxadd.service...
         Starting Apply the settings specified in cloud-config...
         Starting Dispatcher daemon for systemd-networkd...
[[0;32m  OK  [0m] Started irqbalance daemon.
         Starting Permit User Sessions...
[[0;32m  OK  [0m] Started D-Bus System Message Bus.
[[0;32m  OK  [0m] Started Login Service.
         Starting Snappy daemon...
         Starting LSB: Record successful boot for GRUB...
         Starting System Logging Service...
         Starting Accounts Service...
[[0;32m  OK  [0m] Started Regular background program processing daemon.
         Starting LXD - container startup/shutdown...
[[0;32m  OK  [0m] Started System Logging Service.
[[0;32m  OK  [0m] Started Availability of block devices.
[[0;32m  OK  [0m] Started Permit User Sessions.
         Starting Terminate Plymouth Boot Screen...
         Starting Hold until boot process finishes up...
[[0;32m  OK  [0m] Started OpenBSD Secure Shell server.
[[0;32m  OK  [0m] Started Terminate Plymouth Boot Screen.
[[0;32m  OK  [0m] Started Hold until boot process finishes up.
         Starting Authorization Manager...
[[0;32m  OK  [0m] Started Serial Getty on ttyS0.
         Starting Set console scheme...
[[0;32m  OK  [0m] Started LSB: automatic crash report generation.
[[0;32m  OK  [0m] Started Set console scheme.
[[0;32m  OK  [0m] Created slice system-getty.slice.
[[0;32m  OK  [0m] Started Getty on tty1.
[[0;32m  OK  [0m] Reached target Login Prompts.
[[0;32m  OK  [0m] Started Authorization Manager.
[[0;32m  OK  [0m] Started LSB: Record successful boot for GRUB.
[[0;32m  OK  [0m] Started Apply the settings specified in cloud-config.
[[0;32m  OK  [0m] Started Accounts Service.
[[0;32m  OK  [0m] Created slice User Slice of vagrant.
[   40.719612] cloud-init[915]: Cloud-init v. 18.2 running 'modules:config' at Sun, 30 Sep 2018 18:13:52 +0000. Up 40.21 seconds.
[[0;32m  OK  [0m] Started vboxadd.service.
[[0;32m  OK  [0m] Started Session 1 of user vagrant.
         Starting vboxadd-service.service...
         Starting User Manager for UID 1000...
[[0;32m  OK  [0m] Started Snappy daemon.
[[0;32m  OK  [0m] Started Dispatcher daemon for systemd-networkd.
         Starting Wait until snapd is fully seeded...
[[0;32m  OK  [0m] Started LXD - container startup/shutdown.
[[0;32m  OK  [0m] Started Wait until snapd is fully seeded.
[[0;32m  OK  [0m] Started vboxadd-service.service.
[[0;32m  OK  [0m] Started User Manager for UID 1000.
[[0;32m  OK  [0m] Reached target Multi-User System.
         Starting Execute cloud user/final scripts...
[[0;32m  OK  [0m] Reached target Graphical Interface.
         Starting Update UTMP about System Runlevel Changes...
[[0;32m  OK  [0m] Started Update UTMP about System Runlevel Changes.
[   42.018013] cloud-init[1312]: Cloud-init v. 18.2 running 'modules:final' at Sun, 30 Sep 2018 18:13:53 +0000. Up 41.84 seconds.
[   42.050240] cloud-init[1312]: Cloud-init v. 18.2 finished at Sun, 30 Sep 2018 18:13:54 +0000. Datasource DataSourceNoCloud [seed=/dev/sdb][dsmode=net].  Up 42.01 seconds
[[0;32m  OK  [0m] Started Execute cloud user/final scripts.
[[0;32m  OK  [0m] Reached target Cloud-init target.

Ubuntu 18.04.1 LTS ubuntu-bionic ttyS0

ubuntu-bionic login: 